Loading source files for package GUI...
Constructing Javadoc information...
Creating destination directory: "/tmp/padsof-javadoc-check/"
Building index for all the packages and classes...
Standard Doclet version 17.0.18+8-Ubuntu-124.04.1
Building tree for all the packages and classes...
Generating /tmp/padsof-javadoc-check/GUI/GoatGetHeader.html...
Generating /tmp/padsof-javadoc-check/GUI/HomePanel.html...
Generating /tmp/padsof-javadoc-check/GUI/LogIn.html...
Generating /tmp/padsof-javadoc-check/GUI/LoginClientePanel.html...
Generating /tmp/padsof-javadoc-check/GUI/LoginEmpleadoPanel.html...
Generating /tmp/padsof-javadoc-check/GUI/LoginGestorPanel.html...
Generating /tmp/padsof-javadoc-check/GUI/LoginPanel.html...
Generating /tmp/padsof-javadoc-check/GUI/Main.html...
Generating /tmp/padsof-javadoc-check/GUI/PanelCesta.html...
Generating /tmp/padsof-javadoc-check/GUI/PanelDeProducto.html...
Generating /tmp/padsof-javadoc-check/GUI/PanelEmpleado.html...
Generating /tmp/padsof-javadoc-check/GUI/PanelGestion.html...
Generating /tmp/padsof-javadoc-check/GUI/PanelGestor.html...
Generating /tmp/padsof-javadoc-check/GUI/PanelIntercambios.html...
Generating /tmp/padsof-javadoc-check/GUI/PanelMisProductos.html...
Generating /tmp/padsof-javadoc-check/GUI/PanelNotificaciones.html...
Generating /tmp/padsof-javadoc-check/GUI/PanelPacks.html...
Generating /tmp/padsof-javadoc-check/GUI/PanelPedidos.html...
Generating /tmp/padsof-javadoc-check/GUI/PanelPerfil.html...
Generating /tmp/padsof-javadoc-check/GUI/PanelProductos.html...
Generating /tmp/padsof-javadoc-check/GUI/PanelRegistro.html...
Generating /tmp/padsof-javadoc-check/GUI/PanelSubirProducto.html...
Generating /tmp/padsof-javadoc-check/GUI/RegistroPanel.html...
Generating /tmp/padsof-javadoc-check/GUI/TarjetaProducto.html...
Generating /tmp/padsof-javadoc-check/GUI/TarjetaSegundaMano.html...
Generating /tmp/padsof-javadoc-check/GUI/TarjetaSubirProducto.html...
Generating /tmp/padsof-javadoc-check/GUI/VentanaPrincipal.html...
Generating /tmp/padsof-javadoc-check/GUI/package-summary.html...
Generating /tmp/padsof-javadoc-check/GUI/package-tree.html...
Generating /tmp/padsof-javadoc-check/constant-values.html...
Generating /tmp/padsof-javadoc-check/serialized-form.html...
Generating /tmp/padsof-javadoc-check/overview-tree.html...
Building index for all classes...
Generating /tmp/padsof-javadoc-check/allclasses-index.html...
Generating /tmp/padsof-javadoc-check/allpackages-index.html...
Generating /tmp/padsof-javadoc-check/index-all.html...
Generating /tmp/padsof-javadoc-check/index.html...
Generating /tmp/padsof-javadoc-check/help-doc.html...
